c:\dazai\client\qtitanribbon\src\shared\ribbon\vc140.pdb
c:\dazai\client\qtitanribbon\src\shared\ribbon\release\moc_qtncommonstyle.cpp
c:\dazai\client\qtitanribbon\src\shared\ribbon\release\moc_qtnofficeframehelper_win.cpp
c:\dazai\client\qtitanribbon\src\shared\ribbon\release\moc_qtnofficepopupcolorbutton.cpp
c:\dazai\client\qtitanribbon\src\shared\ribbon\release\moc_qtnofficepopupmenu.cpp
c:\dazai\client\qtitanribbon\src\shared\ribbon\release\moc_qtnofficepopupwindow.cpp
c:\dazai\client\qtitanribbon\src\shared\ribbon\release\moc_qtnofficestyle.cpp
c:\dazai\client\qtitanribbon\src\shared\ribbon\release\moc_qtnofficestyleprivate.cpp
c:\dazai\client\qtitanribbon\src\shared\ribbon\release\moc_qtnpopuphelpers.cpp
c:\dazai\client\qtitanribbon\src\shared\ribbon\release\moc_qtnribbonbackstageview.cpp
c:\dazai\client\qtitanribbon\src\shared\ribbon\release\moc_qtnribbonbackstageviewprivate.cpp
c:\dazai\client\qtitanribbon\src\shared\ribbon\release\moc_qtnribbonbar.cpp
c:\dazai\client\qtitanribbon\src\shared\ribbon\release\moc_qtnribbonbarprivate.cpp
c:\dazai\client\qtitanribbon\src\shared\ribbon\release\moc_qtnribbonbutton.cpp
c:\dazai\client\qtitanribbon\src\shared\ribbon\release\moc_qtnribbongallery.cpp
c:\dazai\client\qtitanribbon\src\shared\ribbon\release\moc_qtnribbongalleryprivate.cpp
c:\dazai\client\qtitanribbon\src\shared\ribbon\release\moc_qtnribbongroup.cpp
c:\dazai\client\qtitanribbon\src\shared\ribbon\release\moc_qtnribbongrouplayout.cpp
c:\dazai\client\qtitanribbon\src\shared\ribbon\release\moc_qtnribbongroupprivate.cpp
c:\dazai\client\qtitanribbon\src\shared\ribbon\release\moc_qtnribbonmainwindow.cpp
c:\dazai\client\qtitanribbon\src\shared\ribbon\release\moc_qtnribbonpage.cpp
c:\dazai\client\qtitanribbon\src\shared\ribbon\release\moc_qtnribbonprivate.cpp
c:\dazai\client\qtitanribbon\src\shared\ribbon\release\moc_qtnribbonquickaccessbar.cpp
c:\dazai\client\qtitanribbon\src\shared\ribbon\release\moc_qtnribbonsliderpane.cpp
c:\dazai\client\qtitanribbon\src\shared\ribbon\release\moc_qtnribbonstatusbar.cpp
c:\dazai\client\qtitanribbon\src\shared\ribbon\release\moc_qtnribbonstyle.cpp
c:\dazai\client\qtitanribbon\src\shared\ribbon\release\moc_qtnribbonstyleprivate.cpp
c:\dazai\client\qtitanribbon\src\shared\ribbon\release\moc_qtnribbonsystempopupbar.cpp
c:\dazai\client\qtitanribbon\src\shared\ribbon\release\moc_qtnribbontabbar.cpp
c:\dazai\client\qtitanribbon\src\shared\ribbon\release\moc_qtnribbontooltip.cpp
c:\dazai\client\qtitanribbon\src\shared\ribbon\release\qrc_qtnribbonresources.cpp
c:\dazai\client\qtitanribbon\src\shared\ribbon\release\qtitanribbon.tlog\cl.command.1.tlog
c:\dazai\client\qtitanribbon\src\shared\ribbon\release\qtitanribbon.tlog\cl.read.1.tlog
c:\dazai\client\qtitanribbon\src\shared\ribbon\release\qtitanribbon.tlog\cl.write.1.tlog
c:\dazai\client\qtitanribbon\src\shared\ribbon\release\qtitanribbon.tlog\custombuild.command.1.tlog
c:\dazai\client\qtitanribbon\src\shared\ribbon\release\qtitanribbon.tlog\custombuild.read.1.tlog
c:\dazai\client\qtitanribbon\src\shared\ribbon\release\qtitanribbon.tlog\custombuild.write.1.tlog
